Archive member included to satisfy reference by file (symbol)

/opt/Atollic_TrueSTUDIO_for_STM32_x86_64_9.2.0/ARMTools/bin/../lib/gcc/arm-atollic-eabi/6.3.1/../../../../arm-atollic-eabi/lib/armv7e-m/fpu/libc_nano.a(lib_a-init.o)
                              startup/startup_stm32f303xe.o (__libc_init_array)
/opt/Atollic_TrueSTUDIO_for_STM32_x86_64_9.2.0/ARMTools/bin/../lib/gcc/arm-atollic-eabi/6.3.1/../../../../arm-atollic-eabi/lib/armv7e-m/fpu/libc_nano.a(lib_a-memcpy-stub.o)
                              Middlewares/Third_Party/FreeRTOS/Source/queue.o (memcpy)
/opt/Atollic_TrueSTUDIO_for_STM32_x86_64_9.2.0/ARMTools/bin/../lib/gcc/arm-atollic-eabi/6.3.1/../../../../arm-atollic-eabi/lib/armv7e-m/fpu/libc_nano.a(lib_a-memset.o)
                              Middlewares/Third_Party/FreeRTOS/Source/CMSIS_RTOS/cmsis_os.o (memset)

Allocating common symbols
Common symbol       size              file

chessboardTaskHandle
                    0x4               Src/freertos.o
defaultTaskHandle   0x4               Src/freertos.o
comTaskHandle       0x4               Src/freertos.o
uwTick              0x4               Drivers/STM32F3xx_HAL_Driver/Src/stm32f3xx_hal.o
xQueueRegistry      0x40              Middlewares/Third_Party/FreeRTOS/Source/queue.o
ledTaskHandle       0x4               Src/freertos.o
pFlash              0x20              Drivers/STM32F3xx_HAL_Driver/Src/stm32f3xx_hal_flash.o
mplexQueueHandle    0x4               Src/freertos.o
multiplexerTaskHandle
                    0x4               Src/freertos.o
huart2              0x70              Src/usart.o
gApp                0x144             Src/Application.o

Discarded input sections

 .text          0x0000000000000000        0x0 /opt/Atollic_TrueSTUDIO_for_STM32_x86_64_9.2.0/ARMTools/bin/../lib/gcc/arm-atollic-eabi/6.3.1/armv7e-m/fpu/crti.o
 .data          0x0000000000000000        0x0 /opt/Atollic_TrueSTUDIO_for_STM32_x86_64_9.2.0/ARMTools/bin/../lib/gcc/arm-atollic-eabi/6.3.1/armv7e-m/fpu/crti.o
 .bss           0x0000000000000000        0x0 /opt/Atollic_TrueSTUDIO_for_STM32_x86_64_9.2.0/ARMTools/bin/../lib/gcc/arm-atollic-eabi/6.3.1/armv7e-m/fpu/crti.o
 .data          0x0000000000000000        0x4 /opt/Atollic_TrueSTUDIO_for_STM32_x86_64_9.2.0/ARMTools/bin/../lib/gcc/arm-atollic-eabi/6.3.1/armv7e-m/fpu/crtbegin.o
 .text          0x0000000000000000        0x0 Drivers/STM32F3xx_HAL_Driver/Src/stm32f3xx_hal.o
 .data          0x0000000000000000        0x0 Drivers/STM32F3xx_HAL_Driver/Src/stm32f3xx_hal.o
 .bss           0x0000000000000000        0x0 Drivers/STM32F3xx_HAL_Driver/Src/stm32f3xx_hal.o
 .text.HAL_DeInit
                0x0000000000000000       0x3c Drivers/STM32F3xx_HAL_Driver/Src/stm32f3xx_hal.o
 .text.HAL_MspInit
                0x0000000000000000        0xe Drivers/STM32F3xx_HAL_Driver/Src/stm32f3xx_hal.o
 .text.HAL_MspDeInit
                0x0000000000000000        0xe Drivers/STM32F3xx_HAL_Driver/Src/stm32f3xx_hal.o
 .text.HAL_GetTickPrio
                0x0000000000000000       0x18 Drivers/STM32F3xx_HAL_Driver/Src/stm32f3xx_hal.o
 .text.HAL_SetTickFreq
                0x0000000000000000       0x40 Drivers/STM32F3xx_HAL_Driver/Src/stm32f3xx_hal.o
 .text.HAL_GetTickFreq
                0x0000000000000000       0x18 Drivers/STM32F3xx_HAL_Driver/Src/stm32f3xx_hal.o
 .text.HAL_Delay
                0x0000000000000000       0x44 Drivers/STM32F3xx_HAL_Driver/Src/stm32f3xx_hal.o
 .text.HAL_SuspendTick
                0x0000000000000000       0x20 Drivers/STM32F3xx_HAL_Driver/Src/stm32f3xx_hal.o
 .text.HAL_ResumeTick
                0x0000000000000000       0x20 Drivers/STM32F3xx_HAL_Driver/Src/stm32f3xx_hal.o
 .text.HAL_GetHalVersion
                0x0000000000000000       0x14 Drivers/STM32F3xx_HAL_Driver/Src/stm32f3xx_hal.o
 .text.HAL_GetREVID
                0x0000000000000000       0x18 Drivers/STM32F3xx_HAL_Driver/Src/stm32f3xx_hal.o
 .text.HAL_GetDEVID
                0x0000000000000000       0x1c Drivers/STM32F3xx_HAL_Driver/Src/stm32f3xx_hal.o
 .text.HAL_GetUIDw0
                0x0000000000000000       0x18 Drivers/STM32F3xx_HAL_Driver/Src/stm32f3xx_hal.o
 .text.HAL_GetUIDw1
                0x0000000000000000       0x18 Drivers/STM32F3xx_HAL_Driver/Src/stm32f3xx_hal.o
 .text.HAL_GetUIDw2
                0x0000000000000000       0x18 Drivers/STM32F3xx_HAL_Driver/Src/stm32f3xx_hal.o
 .text.HAL_DBGMCU_EnableDBGSleepMode
                0x0000000000000000       0x20 Drivers/STM32F3xx_HAL_Driver/Src/stm32f3xx_hal.o
 .text.HAL_DBGMCU_DisableDBGSleepMode
                0x0000000000000000       0x20 Drivers/STM32F3xx_HAL_Driver/Src/stm32f3xx_hal.o
 .text.HAL_DBGMCU_EnableDBGStopMode
                0x0000000000000000       0x20 Drivers/STM32F3xx_HAL_Driver/Src/stm32f3xx_hal.o
 .text.HAL_DBGMCU_DisableDBGStopMode
                0x0000000000000000       0x20 Drivers/STM32F3xx_HAL_Driver/Src/stm32f3xx_hal.o
 .text.HAL_DBGMCU_EnableDBGStandbyMode
                0x0000000000000000       0x20 Drivers/STM32F3xx_HAL_Driver/Src/stm32f3xx_hal.o
[...]
Memory Configuration

Name             Origin             Length             Attributes
RAM              0x0000000020000000 0x0000000000010000 xrw
CCMRAM           0x0000000010000000 0x0000000000004000 rw
FLASH            0x0000000008000000 0x0000000000080000 xr
*default*        0x0000000000000000 0xffffffffffffffff

Linker script and memory map

LOAD /opt/Atollic_TrueSTUDIO_for_STM32_x86_64_9.2.0/ARMTools/bin/../lib/gcc/arm-atollic-eabi/6.3.1/armv7e-m/fpu/crti.o
LOAD /opt/Atollic_TrueSTUDIO_for_STM32_x86_64_9.2.0/ARMTools/bin/../lib/gcc/arm-atollic-eabi/6.3.1/armv7e-m/fpu/crtbegin.o
LOAD Drivers/STM32F3xx_HAL_Driver/Src/stm32f3xx_hal.o
LOAD Drivers/STM32F3xx_HAL_Driver/Src/stm32f3xx_hal_cortex.o
LOAD Drivers/STM32F3xx_HAL_Driver/Src/stm32f3xx_hal_dma.o
LOAD Drivers/STM32F3xx_HAL_Driver/Src/stm32f3xx_hal_flash.o
LOAD Drivers/STM32F3xx_HAL_Driver/Src/stm32f3xx_hal_flash_ex.o
LOAD Drivers/STM32F3xx_HAL_Driver/Src/stm32f3xx_hal_gpio.o
LOAD Drivers/STM32F3xx_HAL_Driver/Src/stm32f3xx_hal_i2c.o
LOAD Drivers/STM32F3xx_HAL_Driver/Src/stm32f3xx_hal_i2c_ex.o
LOAD Drivers/STM32F3xx_HAL_Driver/Src/stm32f3xx_hal_pwr.o
LOAD Drivers/STM32F3xx_HAL_Driver/Src/stm32f3xx_hal_pwr_ex.o
LOAD Drivers/STM32F3xx_HAL_Driver/Src/stm32f3xx_hal_rcc.o
LOAD Drivers/STM32F3xx_HAL_Driver/Src/stm32f3xx_hal_rcc_ex.o
LOAD Drivers/STM32F3xx_HAL_Driver/Src/stm32f3xx_hal_tim.o
LOAD Drivers/STM32F3xx_HAL_Driver/Src/stm32f3xx_hal_tim_ex.o
LOAD Drivers/STM32F3xx_HAL_Driver/Src/stm32f3xx_hal_uart.o
LOAD Drivers/STM32F3xx_HAL_Driver/Src/stm32f3xx_hal_uart_ex.o
LOAD Middlewares/Third_Party/FreeRTOS/Source/CMSIS_RTOS/cmsis_os.o
LOAD Middlewares/Third_Party/FreeRTOS/Source/croutine.o
LOAD Middlewares/Third_Party/FreeRTOS/Source/event_groups.o
LOAD Middlewares/Third_Party/FreeRTOS/Source/list.o
LOAD Middlewares/Third_Party/FreeRTOS/Source/portable/GCC/ARM_CM4F/port.o
LOAD Middlewares/Third_Party/FreeRTOS/Source/portable/MemMang/heap_4.o
LOAD Middlewares/Third_Party/FreeRTOS/Source/queue.o
LOAD Middlewares/Third_Party/FreeRTOS/Source/tasks.o
LOAD Middlewares/Third_Party/FreeRTOS/Source/timers.o
LOAD Src/Application.o
LOAD Src/chessboard.o
LOAD Src/freertos.o
LOAD Src/gpio.o
LOAD Src/main.o
LOAD Src/multiplexer.o
LOAD Src/myTasks.o
LOAD Src/stm32f3xx_hal_msp.o
LOAD Src/stm32f3xx_it.o
LOAD Src/system_stm32f3xx.o
LOAD Src/usart.o
LOAD startup/startup_stm32f303xe.o
                0x0000000000000080                malloc_getpagesize_P = 0x80
START GROUP
LOAD /opt/Atollic_TrueSTUDIO_for_STM32_x86_64_9.2.0/ARMTools/bin/../lib/gcc/arm-atollic-eabi/6.3.1/../../../../arm-atollic-eabi/lib/armv7e-m/fpu/libc_nano.a
LOAD /opt/Atollic_TrueSTUDIO_for_STM32_x86_64_9.2.0/ARMTools/bin/../lib/gcc/arm-atollic-eabi/6.3.1/../../../../arm-atollic-eabi/lib/armv7e-m/fpu/libm.a
END GROUP
START GROUP
LOAD /opt/Atollic_TrueSTUDIO_for_STM32_x86_64_9.2.0/ARMTools/bin/../lib/gcc/arm-atollic-eabi/6.3.1/armv7e-m/fpu/libgcc.a
LOAD /opt/Atollic_TrueSTUDIO_for_STM32_x86_64_9.2.0/ARMTools/bin/../lib/gcc/arm-atollic-eabi/6.3.1/../../../../arm-atollic-eabi/lib/armv7e-m/fpu/libc_nano.a
END GROUP
START GROUP
LOAD /opt/Atollic_TrueSTUDIO_for_STM32_x86_64_9.2.0/ARMTools/bin/../lib/gcc/arm-atollic-eabi/6.3.1/armv7e-m/fpu/libgcc.a
LOAD /opt/Atollic_TrueSTUDIO_for_STM32_x86_64_9.2.0/ARMTools/bin/../lib/gcc/arm-atollic-eabi/6.3.1/../../../../arm-atollic-eabi/lib/armv7e-m/fpu/libc_nano.a
LOAD /opt/Atollic_TrueSTUDIO_for_STM32_x86_64_9.2.0/ARMTools/bin/../lib/gcc/arm-atollic-eabi/6.3.1/../../../../arm-atollic-eabi/lib/armv7e-m/fpu/libnosys.a
END GROUP
START GROUP
LOAD /opt/Atollic_TrueSTUDIO_for_STM32_x86_64_9.2.0/ARMTools/bin/../lib/gcc/arm-atollic-eabi/6.3.1/armv7e-m/fpu/libgcc.a
LOAD /opt/Atollic_TrueSTUDIO_for_STM32_x86_64_9.2.0/ARMTools/bin/../lib/gcc/arm-atollic-eabi/6.3.1/../../../../arm-atollic-eabi/lib/armv7e-m/fpu/libc_nano.a
LOAD /opt/Atollic_TrueSTUDIO_for_STM32_x86_64_9.2.0/ARMTools/bin/../lib/gcc/arm-atollic-eabi/6.3.1/../../../../arm-atollic-eabi/lib/armv7e-m/fpu/libnosys.a
END GROUP
LOAD /opt/Atollic_TrueSTUDIO_for_STM32_x86_64_9.2.0/ARMTools/bin/../lib/gcc/arm-atollic-eabi/6.3.1/armv7e-m/fpu/crtend.o
LOAD /opt/Atollic_TrueSTUDIO_for_STM32_x86_64_9.2.0/ARMTools/bin/../lib/gcc/arm-atollic-eabi/6.3.1/armv7e-m/fpu/crtn.o
                0x0000000020010000                _estack = 0x20010000
                0x0000000000000200                _Min_Heap_Size = 0x200
                0x0000000000000400                _Min_Stack_Size = 0x400

.isr_vector     0x0000000008000000      0x194
                0x0000000008000000                . = ALIGN (0x4)
 *(.isr_vector)
 .isr_vector    0x0000000008000000      0x194 startup/startup_stm32f303xe.o
                0x0000000008000000                g_pfnVectors
                0x0000000008000194                . = ALIGN (0x4)

.text           0x00000000080001a0     0x5304
                0x00000000080001a0                . = ALIGN (0x4)
 *(.text)
 .text          0x00000000080001a0       0x40 /opt/Atollic_TrueSTUDIO_for_STM32_x86_64_9.2.0/ARMTools/bin/../lib/gcc/arm-atollic-eabi/6.3.1/armv7e-m/fpu/crtbegin.o
 *(.text*)
 .text.HAL_Init
                0x00000000080001e0       0x2c Drivers/STM32F3xx_HAL_Driver/Src/stm32f3xx_hal.o
                0x00000000080001e0                HAL_Init
 .text.HAL_InitTick
                0x000000000800020c       0x60 Drivers/STM32F3xx_HAL_Driver/Src/stm32f3xx_hal.o
                0x000000000800020c                HAL_InitTick
 .text.HAL_IncTick
                0x000000000800026c       0x28 Drivers/STM32F3xx_HAL_Driver/Src/stm32f3xx_hal.o
                0x000000000800026c                HAL_IncTick
 .text.HAL_GetTick
                0x0000000008000294       0x18 Drivers/STM32F3xx_HAL_Driver/Src/stm32f3xx_hal.o
                0x0000000008000294                HAL_GetTick
 .text.NVIC_SetPriorityGrouping
                0x00000000080002ac       0x48 Drivers/STM32F3xx_HAL_Driver/Src/stm32f3xx_hal_cortex.o
 .text.NVIC_GetPriorityGrouping
                0x00000000080002f4       0x1c Drivers/STM32F3xx_HAL_Driver/Src/stm32f3xx_hal_cortex.o
 .text.NVIC_EnableIRQ
                0x0000000008000310       0x34 Drivers/STM32F3xx_HAL_Driver/Src/stm32f3xx_hal_cortex.o
 .text.NVIC_SetPriority
                0x0000000008000344       0x54 Drivers/STM32F3xx_HAL_Driver/Src/stm32f3xx_hal_cortex.o
 .text.NVIC_EncodePriority
                0x0000000008000398       0x62 Drivers/STM32F3xx_HAL_Driver/Src/stm32f3xx_hal_cortex.o
 *fill*         0x00000000080003fa        0x2 
 .text.SysTick_Config
                0x00000000080003fc       0x44 Drivers/STM32F3xx_HAL_Driver/Src/stm32f3xx_hal_cortex.o
 .text.HAL_NVIC_SetPriorityGrouping
                0x0000000008000440       0x16 Drivers/STM32F3xx_HAL_Driver/Src/stm32f3xx_hal_cortex.o
                0x0000000008000440                HAL_NVIC_SetPriorityGrouping
 .text.HAL_NVIC_SetPriority
                0x0000000008000456       0x38 Drivers/STM32F3xx_HAL_Driver/Src/stm32f3xx_hal_cortex.o
                0x0000000008000456                HAL_NVIC_SetPriority
 .text.HAL_NVIC_EnableIRQ
                0x000000000800048e       0x1c Drivers/STM32F3xx_HAL_Driver/Src/stm32f3xx_hal_cortex.o
                0x000000000800048e                HAL_NVIC_EnableIRQ
 .text.HAL_SYSTICK_Config
                0x00000000080004aa       0x18 Drivers/STM32F3xx_HAL_Driver/Src/stm32f3xx_hal_cortex.o
                0x00000000080004aa                HAL_SYSTICK_Config
 .text.HAL_DMA_Abort_IT
                0x00000000080004c2       0x7c Drivers/STM32F3xx_HAL_Driver/Src/stm32f3xx_hal_dma.o
                0x00000000080004c2                HAL_DMA_Abort_IT
 *fill*         0x000000000800053e        0x2 
 .text.HAL_GPIO_Init
                0x0000000008000540      0x31c Drivers/STM32F3xx_HAL_Driver/Src/stm32f3xx_hal_gpio.o
                0x0000000008000540                HAL_GPIO_Init
 .text.HAL_GPIO_ReadPin
                0x000000000800085c       0x30 Drivers/STM32F3xx_HAL_Driver/Src/stm32f3xx_hal_gpio.o
                0x000000000800085c                HAL_GPIO_ReadPin
 .text.HAL_GPIO_WritePin
                0x000000000800088c       0x30 Drivers/STM32F3xx_HAL_Driver/Src/stm32f3xx_hal_gpio.o
                0x000000000800088c                HAL_GPIO_WritePin
 .text.HAL_GPIO_TogglePin
                0x00000000080008bc       0x24 Drivers/STM32F3xx_HAL_Driver/Src/stm32f3xx_hal_gpio.o
                0x00000000080008bc                HAL_GPIO_TogglePin
 .text.HAL_RCC_OscConfig
                0x00000000080008e0      0xddc Drivers/STM32F3xx_HAL_Driver/Src/stm32f3xx_hal_rcc.o
                0x00000000080008e0                HAL_RCC_OscConfig
 .text.HAL_RCC_ClockConfig
                0x00000000080016bc      0x2f8 Drivers/STM32F3xx_HAL_Driver/Src/stm32f3xx_hal_rcc.o
                0x00000000080016bc                HAL_RCC_ClockConfig
 .text.HAL_RCC_GetSysClockFreq
                0x00000000080019b4       0xd4 Drivers/STM32F3xx_HAL_Driver/Src/stm32f3xx_hal_rcc.o
                0x00000000080019b4                HAL_RCC_GetSysClockFreq
 .text.HAL_RCC_GetHCLKFreq
                0x0000000008001a88       0x18 Drivers/STM32F3xx_HAL_Driver/Src/stm32f3xx_hal_rcc.o
                0x0000000008001a88                HAL_RCC_GetHCLKFreq
 .text.HAL_RCC_GetPCLK1Freq
                0x0000000008001aa0       0x44 Drivers/STM32F3xx_HAL_Driver/Src/stm32f3xx_hal_rcc.o
                0x0000000008001aa0                HAL_RCC_GetPCLK1Freq
 .text.HAL_RCC_GetPCLK2Freq
                0x0000000008001ae4       0x44 Drivers/STM32F3xx_HAL_Driver/Src/stm32f3xx_hal_rcc.o
                0x0000000008001ae4                HAL_RCC_GetPCLK2Freq
 .text.HAL_RCCEx_PeriphCLKConfig
                0x0000000008001b28      0x438 Drivers/STM32F3xx_HAL_Driver/Src/stm32f3xx_hal_rcc_ex.o
                0x0000000008001b28                HAL_RCCEx_PeriphCLKConfig
 .text.HAL_UART_Init
                0x0000000008001f60       0xa2 Drivers/STM32F3xx_HAL_Driver/Src/stm32f3xx_hal_uart.o
                0x0000000008001f60                HAL_UART_Init
 .text.HAL_UART_Transmit
                0x0000000008002002      0x11a Drivers/STM32F3xx_HAL_Driver/Src/stm32f3xx_hal_uart.o
                0x0000000008002002                HAL_UART_Transmit
 .text.HAL_UART_IRQHandler
                0x000000000800211c      0x244 Drivers/STM32F3xx_HAL_Driver/Src/stm32f3xx_hal_uart.o
                0x000000000800211c                HAL_UART_IRQHandler
 .text.HAL_UART_TxCpltCallback
                0x0000000008002360       0x14 Drivers/STM32F3xx_HAL_Driver/Src/stm32f3xx_hal_uart.o
                0x0000000008002360                HAL_UART_TxCpltCallback
 .text.HAL_UART_RxCpltCallback
                0x0000000008002374       0x14 Drivers/STM32F3xx_HAL_Driver/Src/stm32f3xx_hal_uart.o
                0x0000000008002374                HAL_UART_RxCpltCallback
 .text.HAL_UART_ErrorCallback
                0x0000000008002388       0x14 Drivers/STM32F3xx_HAL_Driver/Src/stm32f3xx_hal_uart.o
                0x0000000008002388                HAL_UART_ErrorCallback
 .text.UART_SetConfig
                0x000000000800239c      0x3fc Drivers/STM32F3xx_HAL_Driver/Src/stm32f3xx_hal_uart.o
                0x000000000800239c                UART_SetConfig
 .text.UART_AdvFeatureConfig
                0x0000000008002798      0x144 Drivers/STM32F3xx_HAL_Driver/Src/stm32f3xx_hal_uart.o
                0x0000000008002798                UART_AdvFeatureConfig
 .text.UART_CheckIdleState
                0x00000000080028dc       0x92 Drivers/STM32F3xx_HAL_Driver/Src/stm32f3xx_hal_uart.o
                0x00000000080028dc                UART_CheckIdleState
 .text.UART_WaitOnFlagUntilTimeout
                0x000000000800296e       0x94 Drivers/STM32F3xx_HAL_Driver/Src/stm32f3xx_hal_uart.o
                0x000000000800296e                UART_WaitOnFlagUntilTimeout
 .text.UART_EndRxTransfer
                0x0000000008002a02       0x3c Drivers/STM32F3xx_HAL_Driver/Src/stm32f3xx_hal_uart.o
 .text.UART_DMAAbortOnError
                0x0000000008002a3e       0x2c Drivers/STM32F3xx_HAL_Driver/Src/stm32f3xx_hal_uart.o
 .text.UART_Transmit_IT
                0x0000000008002a6a       0xb0 Drivers/STM32F3xx_HAL_Driver/Src/stm32f3xx_hal_uart.o
                0x0000000008002a6a                UART_Transmit_IT
 .text.UART_EndTransmit_IT
                0x0000000008002b1a       0x30 Drivers/STM32F3xx_HAL_Driver/Src/stm32f3xx_hal_uart.o
                0x0000000008002b1a                UART_EndTransmit_IT
 .text.UART_Receive_IT
                0x0000000008002b4a       0xd4 Drivers/STM32F3xx_HAL_Driver/Src/stm32f3xx_hal_uart.o
                0x0000000008002b4a                UART_Receive_IT
 .text.HAL_UARTEx_WakeupCallback
                0x0000000008002c1e       0x14 Drivers/STM32F3xx_HAL_Driver/Src/stm32f3xx_hal_uart_ex.o
                0x0000000008002c1e                HAL_UARTEx_WakeupCallback
 .text.makeFreeRtosPriority
                0x0000000008002c32       0x30 Middlewares/Third_Party/FreeRTOS/Source/CMSIS_RTOS/cmsis_os.o
 .text.osKernelStart
                0x0000000008002c62        0xe Middlewares/Third_Party/FreeRTOS/Source/CMSIS_RTOS/cmsis_os.o
                0x0000000008002c62                osKernelStart
 .text.osThreadCreate
                0x0000000008002c70       0x4e Middlewares/Third_Party/FreeRTOS/Source/CMSIS_RTOS/cmsis_os.o
                0x0000000008002c70                osThreadCreate
 .text.osDelay  0x0000000008002cbe       0x28 Middlewares/Third_Party/FreeRTOS/Source/CMSIS_RTOS/cmsis_os.o
                0x0000000008002cbe                osDelay
 .text.osMessageCreate
                0x0000000008002ce6       0x24 Middlewares/Third_Party/FreeRTOS/Source/CMSIS_RTOS/cmsis_os.o
                0x0000000008002ce6                osMessageCreate
 .text.osSystickHandler
                0x0000000008002d0a       0x16 Middlewares/Third_Party/FreeRTOS/Source/CMSIS_RTOS/cmsis_os.o
                0x0000000008002d0a                osSystickHandler
 .text.vListInitialise
                0x0000000008002d20       0x40 Middlewares/Third_Party/FreeRTOS/Source/list.o
                0x0000000008002d20                vListInitialise
 .text.vListInitialiseItem
                0x0000000008002d60       0x1a Middlewares/Third_Party/FreeRTOS/Source/list.o
                0x0000000008002d60                vListInitialiseItem
 .text.vListInsertEnd
                0x0000000008002d7a       0x48 Middlewares/Third_Party/FreeRTOS/Source/list.o
                0x0000000008002d7a                vListInsertEnd
 .text.vListInsert
                0x0000000008002dc2       0x72 Middlewares/Third_Party/FreeRTOS/Source/list.o
                0x0000000008002dc2                vListInsert
 .text.uxListRemove
                0x0000000008002e34       0x54 Middlewares/Third_Party/FreeRTOS/Source/list.o
                0x0000000008002e34                uxListRemove
 .text.pxPortInitialiseStack
                0x0000000008002e88       0x68 Middlewares/Third_Party/FreeRTOS/Source/portable/GCC/ARM_CM4F/port.o
                0x0000000008002e88                pxPortInitialiseStack
 .text.prvTaskExitError
                0x0000000008002ef0       0x3c Middlewares/Third_Party/FreeRTOS/Source/portable/GCC/ARM_CM4F/port.o
 *fill*         0x0000000008002f2c        0x4 
 .text.SVC_Handler
                0x0000000008002f30       0x28 Middlewares/Third_Party/FreeRTOS/Source/portable/GCC/ARM_CM4F/port.o
                0x0000000008002f30                SVC_Handler
 .text.prvPortStartFirstTask
                0x0000000008002f58       0x20 Middlewares/Third_Party/FreeRTOS/Source/portable/GCC/ARM_CM4F/port.o
 .text.xPortStartScheduler
                0x0000000008002f78      0x118 Middlewares/Third_Party/FreeRTOS/Source/portable/GCC/ARM_CM4F/port.o
                0x0000000008002f78                xPortStartScheduler
 .text.vPortEnterCritical
                0x0000000008003090       0x5c Middlewares/Third_Party/FreeRTOS/Source/portable/GCC/ARM_CM4F/port.o
                0x0000000008003090                vPortEnterCritical
 .text.vPortExitCritical
                0x00000000080030ec       0x50 Middlewares/Third_Party/FreeRTOS/Source/portable/GCC/ARM_CM4F/port.o
                0x00000000080030ec                vPortExitCritical
 *fill*         0x000000000800313c        0x4 
 .text.PendSV_Handler
                0x0000000008003140       0x68 Middlewares/Third_Party/FreeRTOS/Source/portable/GCC/ARM_CM4F/port.o
                0x0000000008003140                PendSV_Handler
 .text.xPortSysTickHandler
                0x00000000080031a8       0x40 Middlewares/Third_Party/FreeRTOS/Source/portable/GCC/ARM_CM4F/port.o
                0x00000000080031a8                xPortSysTickHandler
 .text.vPortSetupTimerInterrupt
                0x00000000080031e8       0x38 Middlewares/Third_Party/FreeRTOS/Source/portable/GCC/ARM_CM4F/port.o
                0x00000000080031e8                vPortSetupTimerInterrupt
 .text.vPortEnableVFP
                0x0000000008003220       0x14 Middlewares/Third_Party/FreeRTOS/Source/portable/GCC/ARM_CM4F/port.o
 .text.pvPortMalloc
                0x0000000008003234      0x184 Middlewares/Third_Party/FreeRTOS/Source/portable/MemMang/heap_4.o
                0x0000000008003234                pvPortMalloc
 .text.vPortFree
                0x00000000080033b8       0xb0 Middlewares/Third_Party/FreeRTOS/Source/portable/MemMang/heap_4.o
                0x00000000080033b8                vPortFree
 .text.prvHeapInit
                0x0000000008003468       0xc4 Middlewares/Third_Party/FreeRTOS/Source/portable/MemMang/heap_4.o
 .text.prvInsertBlockIntoFreeList
                0x000000000800352c       0xb4 Middlewares/Third_Party/FreeRTOS/Source/portable/MemMang/heap_4.o
 .text.xQueueGenericReset
                0x00000000080035e0       0xd0 Middlewares/Third_Party/FreeRTOS/Source/queue.o
                0x00000000080035e0                xQueueGenericReset
 .text.xQueueGenericCreate
                0x00000000080036b0       0x72 Middlewares/Third_Party/FreeRTOS/Source/queue.o
                0x00000000080036b0                xQueueGenericCreate
 .text.prvInitialiseNewQueue
                0x0000000008003722       0x3e Middlewares/Third_Party/FreeRTOS/Source/queue.o
 .text.xQueueGenericSend
                0x0000000008003760      0x1f4 Middlewares/Third_Party/FreeRTOS/Source/queue.o
                0x0000000008003760                xQueueGenericSend
 .text.xQueueGenericReceive
                0x0000000008003954      0x224 Middlewares/Third_Party/FreeRTOS/Source/queue.o
                0x0000000008003954                xQueueGenericReceive
 .text.prvCopyDataToQueue
                0x0000000008003b78       0xd4 Middlewares/Third_Party/FreeRTOS/Source/queue.o
 .text.prvCopyDataFromQueue
                0x0000000008003c4c       0x4c Middlewares/Third_Party/FreeRTOS/Source/queue.o
 .text.prvUnlockQueue
                0x0000000008003c98       0xa4 Middlewares/Third_Party/FreeRTOS/Source/queue.o
 .text.prvIsQueueEmpty
                0x0000000008003d3c       0x2c Middlewares/Third_Party/FreeRTOS/Source/queue.o
 .text.prvIsQueueFull
                0x0000000008003d68       0x30 Middlewares/Third_Party/FreeRTOS/Source/queue.o
 .text.xTaskCreate
                0x0000000008003d98       0x82 Middlewares/Third_Party/FreeRTOS/Source/tasks.o
                0x0000000008003d98                xTaskCreate
 .text.prvInitialiseNewTask
                0x0000000008003e1a       0xfc Middlewares/Third_Party/FreeRTOS/Source/tasks.o
 *fill*         0x0000000008003f16        0x2 
 .text.prvAddNewTaskToReadyList
                0x0000000008003f18       0xd4 Middlewares/Third_Party/FreeRTOS/Source/tasks.o
 .text.vTaskDelay
                0x0000000008003fec       0x68 Middlewares/Third_Party/FreeRTOS/Source/tasks.o
                0x0000000008003fec                vTaskDelay
 .text.vTaskStartScheduler
                0x0000000008004054       0x8c Middlewares/Third_Party/FreeRTOS/Source/tasks.o
                0x0000000008004054                vTaskStartScheduler
 .text.vTaskSuspendAll
                0x00000000080040e0       0x1c Middlewares/Third_Party/FreeRTOS/Source/tasks.o
                0x00000000080040e0                vTaskSuspendAll
 .text.xTaskResumeAll
                0x00000000080040fc      0x138 Middlewares/Third_Party/FreeRTOS/Source/tasks.o
                0x00000000080040fc                xTaskResumeAll
 .text.xTaskIncrementTick
                0x0000000008004234      0x178 Middlewares/Third_Party/FreeRTOS/Source/tasks.o
                0x0000000008004234                xTaskIncrementTick
 .text.vTaskSwitchContext
                0x00000000080043ac       0xb4 Middlewares/Third_Party/FreeRTOS/Source/tasks.o
                0x00000000080043ac                vTaskSwitchContext
 .text.vTaskPlaceOnEventList
                0x0000000008004460       0x48 Middlewares/Third_Party/FreeRTOS/Source/tasks.o
                0x0000000008004460                vTaskPlaceOnEventList
 .text.xTaskRemoveFromEventList
                0x00000000080044a8       0xc4 Middlewares/Third_Party/FreeRTOS/Source/tasks.o
                0x00000000080044a8                xTaskRemoveFromEventList
 .text.vTaskSetTimeOutState
                0x000000000800456c       0x48 Middlewares/Third_Party/FreeRTOS/Source/tasks.o
                0x000000000800456c                vTaskSetTimeOutState
 .text.xTaskCheckForTimeOut
                0x00000000080045b4       0xbc Middlewares/Third_Party/FreeRTOS/Source/tasks.o
                0x00000000080045b4                xTaskCheckForTimeOut
 .text.vTaskMissedYield
                0x0000000008004670       0x18 Middlewares/Third_Party/FreeRTOS/Source/tasks.o
                0x0000000008004670                vTaskMissedYield
 .text.prvIdleTask
                0x0000000008004688       0x30 Middlewares/Third_Party/FreeRTOS/Source/tasks.o
 .text.prvInitialiseTaskLists
                0x00000000080046b8       0x80 Middlewares/Third_Party/FreeRTOS/Source/tasks.o
 .text.prvCheckTasksWaitingTermination
                0x0000000008004738       0x78 Middlewares/Third_Party/FreeRTOS/Source/tasks.o
 .text.prvDeleteTCB
                0x00000000080047b0       0x20 Middlewares/Third_Party/FreeRTOS/Source/tasks.o
 .text.prvResetNextTaskUnblockTime
                0x00000000080047d0       0x4c Middlewares/Third_Party/FreeRTOS/Source/tasks.o
 .text.xTaskGetSchedulerState
                0x000000000800481c       0x3c Middlewares/Third_Party/FreeRTOS/Source/tasks.o
                0x000000000800481c                xTaskGetSchedulerState
 .text.vTaskPriorityInherit
                0x0000000008004858       0xec Middlewares/Third_Party/FreeRTOS/Source/tasks.o
                0x0000000008004858                vTaskPriorityInherit
 .text.xTaskPriorityDisinherit
                0x0000000008004944      0x108 Middlewares/Third_Party/FreeRTOS/Source/tasks.o
                0x0000000008004944                xTaskPriorityDisinherit
 .text.pvTaskIncrementMutexHeldCount
                0x0000000008004a4c       0x28 Middlewares/Third_Party/FreeRTOS/Source/tasks.o
                0x0000000008004a4c                pvTaskIncrementMutexHeldCount
 .text.prvAddCurrentTaskToDelayedList
                0x0000000008004a74       0xcc Middlewares/Third_Party/FreeRTOS/Source/tasks.o
 .text.initChessboard
                0x0000000008004b40       0xec Src/chessboard.o
                0x0000000008004b40                initChessboard
 .text.MX_FREERTOS_Init
                0x0000000008004c2c      0x104 Src/freertos.o
                0x0000000008004c2c                MX_FREERTOS_Init
 .text.StartDefaultTask
                0x0000000008004d30       0x10 Src/freertos.o
                0x0000000008004d30                StartDefaultTask
 .text.MX_GPIO_Init
                0x0000000008004d40      0x114 Src/gpio.o
                0x0000000008004d40                MX_GPIO_Init
 .text.main     0x0000000008004e54       0x22 Src/main.o
                0x0000000008004e54                main
 .text.SystemClock_Config
                0x0000000008004e76       0xbc Src/main.o
                0x0000000008004e76                SystemClock_Config
 .text.MX_NVIC_Init
                0x0000000008004f32       0x18 Src/main.o
 .text.Error_Handler
                0x0000000008004f4a        0xe Src/main.o
                0x0000000008004f4a                Error_Handler
 .text.initMultiplexer
                0x0000000008004f58       0x84 Src/multiplexer.o
                0x0000000008004f58                initMultiplexer
 .text.scanMatrix
                0x0000000008004fdc       0xdc Src/multiplexer.o
                0x0000000008004fdc                scanMatrix
 .text.StartChessboardTask
                0x00000000080050b8       0x3c Src/myTasks.o
                0x00000000080050b8                StartChessboardTask
 .text.StartMultiplexerTask
                0x00000000080050f4       0x34 Src/myTasks.o
                0x00000000080050f4                StartMultiplexerTask
 .text.StartLedTask
                0x0000000008005128       0x1a Src/myTasks.o
                0x0000000008005128                StartLedTask
 *fill*         0x0000000008005142        0x2 
 .text.StartComTask
                0x0000000008005144       0x64 Src/myTasks.o
                0x0000000008005144                StartComTask
 .text.HAL_MspInit
                0x00000000080051a8       0x50 Src/stm32f3xx_hal_msp.o
                0x00000000080051a8                HAL_MspInit
 .text.NMI_Handler
                0x00000000080051f8        0xe Src/stm32f3xx_it.o
                0x00000000080051f8                NMI_Handler
 .text.HardFault_Handler
                0x0000000008005206        0x6 Src/stm32f3xx_it.o
                0x0000000008005206                HardFault_Handler
 .text.MemManage_Handler
                0x000000000800520c        0x6 Src/stm32f3xx_it.o
                0x000000000800520c                MemManage_Handler
 .text.BusFault_Handler
                0x0000000008005212        0x6 Src/stm32f3xx_it.o
                0x0000000008005212                BusFault_Handler
 .text.UsageFault_Handler
                0x0000000008005218        0x6 Src/stm32f3xx_it.o
                0x0000000008005218                UsageFault_Handler
 .text.DebugMon_Handler
                0x000000000800521e        0xe Src/stm32f3xx_it.o
                0x000000000800521e                DebugMon_Handler
 .text.SysTick_Handler
                0x000000000800522c       0x10 Src/stm32f3xx_it.o
                0x000000000800522c                SysTick_Handler
 .text.USART2_IRQHandler
                0x000000000800523c       0x14 Src/stm32f3xx_it.o
                0x000000000800523c                USART2_IRQHandler
 .text.SystemInit
                0x0000000008005250       0x94 Src/system_stm32f3xx.o
                0x0000000008005250                SystemInit
 .text.MX_USART2_UART_Init
                0x00000000080052e4       0x60 Src/usart.o
                0x00000000080052e4                MX_USART2_UART_Init
 .text.HAL_UART_MspInit
                0x0000000008005344       0x84 Src/usart.o
                0x0000000008005344                HAL_UART_MspInit
 .text.Reset_Handler
                0x00000000080053c8       0x50 startup/startup_stm32f303xe.o
                0x00000000080053c8                Reset_Handler
 .text.Default_Handler
                0x0000000008005418        0x2 startup/startup_stm32f303xe.o
                0x0000000008005418                RTC_Alarm_IRQHandler
                0x0000000008005418                TIM8_TRG_COM_IRQHandler
                0x0000000008005418                TIM8_CC_IRQHandler
                0x0000000008005418                SPI4_IRQHandler
                0x0000000008005418                TIM1_CC_IRQHandler
                0x0000000008005418                USB_HP_IRQHandler
                0x0000000008005418                PVD_IRQHandler
                0x0000000008005418                TAMP_STAMP_IRQHandler
                0x0000000008005418                EXTI3_IRQHandler
                0x0000000008005418                I2C3_ER_IRQHandler
                0x0000000008005418                USB_HP_CAN_TX_IRQHandler
                0x0000000008005418                EXTI0_IRQHandler
                0x0000000008005418                I2C2_EV_IRQHandler
                0x0000000008005418                FPU_IRQHandler
                0x0000000008005418                TIM1_UP_TIM16_IRQHandler
                0x0000000008005418                ADC1_2_IRQHandler
                0x0000000008005418                SPI1_IRQHandler
                0x0000000008005418                CAN_SCE_IRQHandler
                0x0000000008005418                TIM6_DAC_IRQHandler
                0x0000000008005418                TIM8_UP_IRQHandler
                0x0000000008005418                DMA2_Channel2_IRQHandler
                0x0000000008005418                DMA1_Channel4_IRQHandler
                0x0000000008005418                TIM20_TRG_COM_IRQHandler
                0x0000000008005418                USART3_IRQHandler
                0x0000000008005418                DMA1_Channel7_IRQHandler
                0x0000000008005418                UART5_IRQHandler
                0x0000000008005418                ADC3_IRQHandler
                0x0000000008005418                TIM4_IRQHandler
                0x0000000008005418                CAN_RX1_IRQHandler
                0x0000000008005418                DMA2_Channel1_IRQHandler
                0x0000000008005418                I2C1_EV_IRQHandler
                0x0000000008005418                DMA1_Channel6_IRQHandler
                0x0000000008005418                UART4_IRQHandler
                0x0000000008005418                DMA2_Channel4_IRQHandler
                0x0000000008005418                TIM3_IRQHandler
                0x0000000008005418                RCC_IRQHandler
                0x0000000008005418                TIM20_UP_IRQHandler
                0x0000000008005418                DMA1_Channel1_IRQHandler
                0x0000000008005418                Default_Handler
                0x0000000008005418                USBWakeUp_RMP_IRQHandler
                0x0000000008005418                EXTI15_10_IRQHandler
                0x0000000008005418                TIM7_IRQHandler
                0x0000000008005418                I2C3_EV_IRQHandler
                0x0000000008005418                EXTI9_5_IRQHandler
                0x0000000008005418                RTC_WKUP_IRQHandler
                0x0000000008005418                SPI2_IRQHandler
                0x0000000008005418                USB_LP_CAN_RX0_IRQHandler
                0x0000000008005418                DMA2_Channel5_IRQHandler
                0x0000000008005418                DMA1_Channel5_IRQHandler
                0x0000000008005418                USB_LP_IRQHandler
                0x0000000008005418                EXTI4_IRQHandler
                0x0000000008005418                TIM1_TRG_COM_TIM17_IRQHandler
                0x0000000008005418                DMA1_Channel3_IRQHandler
                0x0000000008005418                ADC4_IRQHandler
                0x0000000008005418                WWDG_IRQHandler
                0x0000000008005418                TIM2_IRQHandler
                0x0000000008005418                COMP7_IRQHandler
                0x0000000008005418                COMP1_2_3_IRQHandler
                0x0000000008005418                EXTI1_IRQHandler
                0x0000000008005418                COMP4_5_6_IRQHandler
                0x0000000008005418                TIM20_BRK_IRQHandler
                0x0000000008005418                I2C2_ER_IRQHandler
                0x0000000008005418                DMA1_Channel2_IRQHandler
                0x0000000008005418                TIM8_BRK_IRQHandler
                0x0000000008005418                FLASH_IRQHandler
                0x0000000008005418                TIM20_CC_IRQHandler
                0x0000000008005418                USART1_IRQHandler
                0x0000000008005418                SPI3_IRQHandler
                0x0000000008005418                I2C1_ER_IRQHandler
                0x0000000008005418                FMC_IRQHandler
                0x0000000008005418                USBWakeUp_IRQHandler
                0x0000000008005418                DMA2_Channel3_IRQHandler
                0x0000000008005418                EXTI2_TSC_IRQHandler
                0x0000000008005418                TIM1_BRK_TIM15_IRQHandler
 *fill*         0x000000000800541a        0x2 
 .text.__libc_init_array
                0x000000000800541c       0x48 /opt/Atollic_TrueSTUDIO_for_STM32_x86_64_9.2.0/ARMTools/bin/../lib/gcc/arm-atollic-eabi/6.3.1/../../../../arm-atollic-eabi/lib/armv7e-m/fpu/libc_nano.a(lib_a-init.o)
                0x000000000800541c                __libc_init_array
 .text.memcpy   0x0000000008005464       0x16 /opt/Atollic_TrueSTUDIO_for_STM32_x86_64_9.2.0/ARMTools/bin/../lib/gcc/arm-atollic-eabi/6.3.1/../../../../arm-atollic-eabi/lib/armv7e-m/fpu/libc_nano.a(lib_a-memcpy-stub.o)
                0x0000000008005464                memcpy
 .text.memset   0x000000000800547a       0x10 /opt/Atollic_TrueSTUDIO_for_STM32_x86_64_9.2.0/ARMTools/bin/../lib/gcc/arm-atollic-eabi/6.3.1/../../../../arm-atollic-eabi/lib/armv7e-m/fpu/libc_nano.a(lib_a-memset.o)
                0x000000000800547a                memset
 *(.glue_7)
 .glue_7        0x000000000800548a        0x0 linker stubs
 *(.glue_7t)
 .glue_7t       0x000000000800548a        0x0 linker stubs
 *(.eh_frame)
 *fill*         0x000000000800548a        0x2 
 .eh_frame      0x000000000800548c        0x0 /opt/Atollic_TrueSTUDIO_for_STM32_x86_64_9.2.0/ARMTools/bin/../lib/gcc/arm-atollic-eabi/6.3.1/armv7e-m/fpu/crtbegin.o
 *(.init)
 .init          0x000000000800548c        0x4 /opt/Atollic_TrueSTUDIO_for_STM32_x86_64_9.2.0/ARMTools/bin/../lib/gcc/arm-atollic-eabi/6.3.1/armv7e-m/fpu/crti.o
                0x000000000800548c                _init
 .init          0x0000000008005490        0x8 /opt/Atollic_TrueSTUDIO_for_STM32_x86_64_9.2.0/ARMTools/bin/../lib/gcc/arm-atollic-eabi/6.3.1/armv7e-m/fpu/crtn.o
 *(.fini)
 .fini          0x0000000008005498        0x4 /opt/Atollic_TrueSTUDIO_for_STM32_x86_64_9.2.0/ARMTools/bin/../lib/gcc/arm-atollic-eabi/6.3.1/armv7e-m/fpu/crti.o
                0x0000000008005498                _fini
 .fini          0x000000000800549c        0x8 /opt/Atollic_TrueSTUDIO_for_STM32_x86_64_9.2.0/ARMTools/bin/../lib/gcc/arm-atollic-eabi/6.3.1/armv7e-m/fpu/crtn.o
                0x00000000080054a4                . = ALIGN (0x4)
                0x00000000080054a4                _etext = .

.vfp11_veneer   0x00000000080054a4        0x0
 .vfp11_veneer  0x00000000080054a4        0x0 linker stubs

.v4_bx          0x00000000080054a4        0x0
 .v4_bx         0x00000000080054a4        0x0 linker stubs

.iplt           0x00000000080054a4        0x0
 .iplt          0x00000000080054a4        0x0 /opt/Atollic_TrueSTUDIO_for_STM32_x86_64_9.2.0/ARMTools/bin/../lib/gcc/arm-atollic-eabi/6.3.1/armv7e-m/fpu/crtbegin.o

.rodata         0x00000000080054a4      0x118
                0x00000000080054a4                . = ALIGN (0x4)
 *(.rodata)
 .rodata        0x00000000080054a4        0x5 Middlewares/Third_Party/FreeRTOS/Source/tasks.o
 *fill*         0x00000000080054a9        0x3 
 .rodata        0x00000000080054ac       0xa8 Src/freertos.o
 .rodata        0x0000000008005554       0x2e Src/myTasks.o
 *(.rodata*)
 *fill*         0x0000000008005582        0x2 
 .rodata.aPLLMULFactorTable
                0x0000000008005584       0x10 Drivers/STM32F3xx_HAL_Driver/Src/stm32f3xx_hal_rcc.o
                0x0000000008005584                aPLLMULFactorTable
 .rodata.aPredivFactorTable
                0x0000000008005594       0x10 Drivers/STM32F3xx_HAL_Driver/Src/stm32f3xx_hal_rcc.o
                0x0000000008005594                aPredivFactorTable
 .rodata.AHBPrescTable
                0x00000000080055a4       0x10 Src/system_stm32f3xx.o
                0x00000000080055a4                AHBPrescTable
 .rodata.APBPrescTable
                0x00000000080055b4        0x8 Src/system_stm32f3xx.o
                0x00000000080055b4                APBPrescTable
                0x00000000080055bc                . = ALIGN (0x4)

.rel.dyn        0x00000000080055bc        0x0
 .rel.iplt      0x00000000080055bc        0x0 /opt/Atollic_TrueSTUDIO_for_STM32_x86_64_9.2.0/ARMTools/bin/../lib/gcc/arm-atollic-eabi/6.3.1/armv7e-m/fpu/crtbegin.o

.ARM.extab
 *(.ARM.extab* .gnu.linkonce.armextab.*)

.ARM            0x00000000080055bc        0x0
                0x00000000080055bc                __exidx_start = .
 *(.ARM.exidx*)
                0x00000000080055bc                __exidx_end = .

.preinit_array  0x00000000080055bc        0x0
                0x00000000080055bc                PROVIDE (__preinit_array_start, .)
 *(.preinit_array*)
                0x00000000080055bc                PROVIDE (__preinit_array_end, .)

.init_array     0x00000000080055bc        0x4
                0x00000000080055bc                PROVIDE (__init_array_start, .)
 *(SORT(.init_array.*))
 *(.init_array*)
 .init_array    0x00000000080055bc        0x4 /opt/Atollic_TrueSTUDIO_for_STM32_x86_64_9.2.0/ARMTools/bin/../lib/gcc/arm-atollic-eabi/6.3.1/armv7e-m/fpu/crtbegin.o
                0x00000000080055c0                PROVIDE (__init_array_end, .)

.fini_array     0x00000000080055c0        0x4
                [!provide]                        PROVIDE (__fini_array_start, .)
 *(SORT(.fini_array.*))
 *(.fini_array*)
 .fini_array    0x00000000080055c0        0x4 /opt/Atollic_TrueSTUDIO_for_STM32_x86_64_9.2.0/ARMTools/bin/../lib/gcc/arm-atollic-eabi/6.3.1/armv7e-m/fpu/crtbegin.o
                [!provide]                        PROVIDE (__fini_array_end, .)
                0x00000000080055c4                _sidata = LOADADDR (.data)

.data           0x0000000020000000       0x18 load address 0x00000000080055c4
                0x0000000020000000                . = ALIGN (0x4)
                0x0000000020000000                _sdata = .
 *(.data)
 *(.data*)
 .data.uwTickPrio
                0x0000000020000000        0x4 Drivers/STM32F3xx_HAL_Driver/Src/stm32f3xx_hal.o
                0x0000000020000000                uwTickPrio
 .data.uwTickFreq
                0x0000000020000004        0x1 Drivers/STM32F3xx_HAL_Driver/Src/stm32f3xx_hal.o
                0x0000000020000004                uwTickFreq
 *fill*         0x0000000020000005        0x3 
 .data.uxCriticalNesting
                0x0000000020000008        0x4 Middlewares/Third_Party/FreeRTOS/Source/portable/GCC/ARM_CM4F/port.o
 .data.backLine
                0x000000002000000c        0x8 Src/chessboard.o
                0x000000002000000c                backLine
 .data.SystemCoreClock
                0x0000000020000014        0x4 Src/system_stm32f3xx.o
                0x0000000020000014                SystemCoreClock
                0x0000000020000018                . = ALIGN (0x4)
                0x0000000020000018                _edata = .
                0x00000000080055dc                _siccmram = LOADADDR (.ccmram)

.igot.plt       0x0000000020000018        0x0 load address 0x00000000080055dc
 .igot.plt      0x0000000020000018        0x0 /opt/Atollic_TrueSTUDIO_for_STM32_x86_64_9.2.0/ARMTools/bin/../lib/gcc/arm-atollic-eabi/6.3.1/armv7e-m/fpu/crtbegin.o

.ccmram         0x0000000010000000        0x0 load address 0x00000000080055dc
                0x0000000010000000                . = ALIGN (0x4)
                0x0000000010000000                _sccmram = .
 *(.ccmram)
 *(.ccmram*)
                0x0000000010000000                . = ALIGN (0x4)
                0x0000000010000000                _eccmram = .
                0x0000000010000000                . = ALIGN (0x4)

.bss            0x0000000020000018     0x1b3c
                0x0000000020000018                _sbss = .
                0x0000000020000018                __bss_start__ = _sbss
 *(.bss)
 .bss           0x0000000020000018       0x1c /opt/Atollic_TrueSTUDIO_for_STM32_x86_64_9.2.0/ARMTools/bin/../lib/gcc/arm-atollic-eabi/6.3.1/armv7e-m/fpu/crtbegin.o
 *(.bss*)
 .bss.ucMaxSysCallPriority
                0x0000000020000034        0x1 Middlewares/Third_Party/FreeRTOS/Source/portable/GCC/ARM_CM4F/port.o
 *fill*         0x0000000020000035        0x3 
 .bss.ulMaxPRIGROUPValue
                0x0000000020000038        0x4 Middlewares/Third_Party/FreeRTOS/Source/portable/GCC/ARM_CM4F/port.o
 .bss.ucHeap    0x000000002000003c     0x1800 Middlewares/Third_Party/FreeRTOS/Source/portable/MemMang/heap_4.o
 .bss.xStart    0x000000002000183c        0x8 Middlewares/Third_Party/FreeRTOS/Source/portable/MemMang/heap_4.o
 .bss.pxEnd     0x0000000020001844        0x4 Middlewares/Third_Party/FreeRTOS/Source/portable/MemMang/heap_4.o
 .bss.xFreeBytesRemaining
                0x0000000020001848        0x4 Middlewares/Third_Party/FreeRTOS/Source/portable/MemMang/heap_4.o
 .bss.xMinimumEverFreeBytesRemaining
                0x000000002000184c        0x4 Middlewares/Third_Party/FreeRTOS/Source/portable/MemMang/heap_4.o
 .bss.xBlockAllocatedBit
                0x0000000020001850        0x4 Middlewares/Third_Party/FreeRTOS/Source/portable/MemMang/heap_4.o
 .bss.pxCurrentTCB
                0x0000000020001854        0x4 Middlewares/Third_Party/FreeRTOS/Source/tasks.o
                0x0000000020001854                pxCurrentTCB
 .bss.pxReadyTasksLists
                0x0000000020001858       0x8c Middlewares/Third_Party/FreeRTOS/Source/tasks.o
 .bss.xDelayedTaskList1
                0x00000000200018e4       0x14 Middlewares/Third_Party/FreeRTOS/Source/tasks.o
 .bss.xDelayedTaskList2
                0x00000000200018f8       0x14 Middlewares/Third_Party/FreeRTOS/Source/tasks.o
 .bss.pxDelayedTaskList
                0x000000002000190c        0x4 Middlewares/Third_Party/FreeRTOS/Source/tasks.o
 .bss.pxOverflowDelayedTaskList
                0x0000000020001910        0x4 Middlewares/Third_Party/FreeRTOS/Source/tasks.o
 .bss.xPendingReadyList
                0x0000000020001914       0x14 Middlewares/Third_Party/FreeRTOS/Source/tasks.o
 .bss.xTasksWaitingTermination
                0x0000000020001928       0x14 Middlewares/Third_Party/FreeRTOS/Source/tasks.o
 .bss.uxDeletedTasksWaitingCleanUp
                0x000000002000193c        0x4 Middlewares/Third_Party/FreeRTOS/Source/tasks.o
 .bss.xSuspendedTaskList
                0x0000000020001940       0x14 Middlewares/Third_Party/FreeRTOS/Source/tasks.o
 .bss.uxCurrentNumberOfTasks
                0x0000000020001954        0x4 Middlewares/Third_Party/FreeRTOS/Source/tasks.o
 .bss.xTickCount
                0x0000000020001958        0x4 Middlewares/Third_Party/FreeRTOS/Source/tasks.o
 .bss.uxTopReadyPriority
                0x000000002000195c        0x4 Middlewares/Third_Party/FreeRTOS/Source/tasks.o
 .bss.xSchedulerRunning
                0x0000000020001960        0x4 Middlewares/Third_Party/FreeRTOS/Source/tasks.o
 .bss.uxPendedTicks
                0x0000000020001964        0x4 Middlewares/Third_Party/FreeRTOS/Source/tasks.o
 .bss.xYieldPending
                0x0000000020001968        0x4 Middlewares/Third_Party/FreeRTOS/Source/tasks.o
 .bss.xNumOfOverflows
                0x000000002000196c        0x4 Middlewares/Third_Party/FreeRTOS/Source/tasks.o
 .bss.uxTaskNumber
                0x0000000020001970        0x4 Middlewares/Third_Party/FreeRTOS/Source/tasks.o
 .bss.xNextTaskUnblockTime
                0x0000000020001974        0x4 Middlewares/Third_Party/FreeRTOS/Source/tasks.o
 .bss.xIdleTaskHandle
                0x0000000020001978        0x4 Middlewares/Third_Party/FreeRTOS/Source/tasks.o
 .bss.uxSchedulerSuspended
                0x000000002000197c        0x4 Middlewares/Third_Party/FreeRTOS/Source/tasks.o
 .bss.gChessboard
                0x0000000020001980       0x41 Src/chessboard.o
                0x0000000020001980                gChessboard
 *fill*         0x00000000200019c1        0x3 
 .bss.gMplex    0x00000000200019c4      0x102 Src/multiplexer.o
                0x00000000200019c4                gMplex
 *(COMMON)
 *fill*         0x0000000020001ac6        0x2 
 COMMON         0x0000000020001ac8        0x4 Drivers/STM32F3xx_HAL_Driver/Src/stm32f3xx_hal.o
                0x0000000020001ac8                uwTick
 COMMON         0x0000000020001acc       0x18 Src/freertos.o
                0x0000000020001acc                chessboardTaskHandle
                0x0000000020001ad0                defaultTaskHandle
                0x0000000020001ad4                comTaskHandle
                0x0000000020001ad8                ledTaskHandle
                0x0000000020001adc                mplexQueueHandle
                0x0000000020001ae0                multiplexerTaskHandle
 COMMON         0x0000000020001ae4       0x70 Src/usart.o
                0x0000000020001ae4                huart2
                0x0000000020001b54                . = ALIGN (0x4)
                0x0000000020001b54                _ebss = .
                0x0000000020001b54                __bss_end__ = _ebss

._user_heap_stack
                0x0000000020001b54      0x600
                0x0000000020001b54                . = ALIGN (0x4)
                [!provide]                        PROVIDE (end, .)
                [!provide]                        PROVIDE (_end, .)
                0x0000000020001d54                . = (. + _Min_Heap_Size)
 *fill*         0x0000000020001b54      0x200 
                0x0000000020002154                . = (. + _Min_Stack_Size)
 *fill*         0x0000000020001d54      0x400 
                0x0000000020002154                . = ALIGN (0x4)

/DISCARD/
 libc.a(*)
 libm.a(*)
 libgcc.a(*)

.ARM.attributes
                0x0000000000000000       0x30
 *(.ARM.attributes)
 .ARM.attributes
                0x0000000000000000       0x22 /opt/Atollic_TrueSTUDIO_for_STM32_x86_64_9.2.0/ARMTools/bin/../lib/gcc/arm-atollic-eabi/6.3.1/armv7e-m/fpu/crti.o
 .ARM.attributes
                0x0000000000000022       0x34 /opt/Atollic_TrueSTUDIO_for_STM32_x86_64_9.2.0/ARMTools/bin/../lib/gcc/arm-atollic-eabi/6.3.1/armv7e-m/fpu/crtbegin.o
 .ARM.attributes
                0x0000000000000056       0x39 Drivers/STM32F3xx_HAL_Driver/Src/stm32f3xx_hal.o
 .ARM.attributes
                0x000000000000008f       0x39 Drivers/STM32F3xx_HAL_Driver/Src/stm32f3xx_hal_cortex.o
 .ARM.attributes
                0x00000000000000c8       0x39 Drivers/STM32F3xx_HAL_Driver/Src/stm32f3xx_hal_dma.o
 .ARM.attributes
                0x0000000000000101       0x39 Drivers/STM32F3xx_HAL_Driver/Src/stm32f3xx_hal_gpio.o
 .ARM.attributes
                0x000000000000013a       0x39 Drivers/STM32F3xx_HAL_Driver/Src/stm32f3xx_hal_rcc.o
 .ARM.attributes
                0x0000000000000173       0x39 Drivers/STM32F3xx_HAL_Driver/Src/stm32f3xx_hal_rcc_ex.o
 .ARM.attributes
                0x00000000000001ac       0x39 Drivers/STM32F3xx_HAL_Driver/Src/stm32f3xx_hal_uart.o
 .ARM.attributes
                0x00000000000001e5       0x39 Drivers/STM32F3xx_HAL_Driver/Src/stm32f3xx_hal_uart_ex.o
 .ARM.attributes
                0x000000000000021e       0x39 Middlewares/Third_Party/FreeRTOS/Source/CMSIS_RTOS/cmsis_os.o
 .ARM.attributes
                0x0000000000000257       0x39 Middlewares/Third_Party/FreeRTOS/Source/list.o
 .ARM.attributes
                0x0000000000000290       0x39 Middlewares/Third_Party/FreeRTOS/Source/portable/GCC/ARM_CM4F/port.o
 .ARM.attributes
                0x00000000000002c9       0x39 Middlewares/Third_Party/FreeRTOS/Source/portable/MemMang/heap_4.o
 .ARM.attributes
                0x0000000000000302       0x39 Middlewares/Third_Party/FreeRTOS/Source/queue.o
 .ARM.attributes
                0x000000000000033b       0x39 Middlewares/Third_Party/FreeRTOS/Source/tasks.o
 .ARM.attributes
                0x0000000000000374       0x39 Src/chessboard.o
 .ARM.attributes
                0x00000000000003ad       0x39 Src/freertos.o
 .ARM.attributes
                0x00000000000003e6       0x39 Src/gpio.o
 .ARM.attributes
                0x000000000000041f       0x39 Src/main.o
 .ARM.attributes
                0x0000000000000458       0x39 Src/multiplexer.o
 .ARM.attributes
                0x0000000000000491       0x39 Src/myTasks.o
 .ARM.attributes
                0x00000000000004ca       0x39 Src/stm32f3xx_hal_msp.o
 .ARM.attributes
                0x0000000000000503       0x39 Src/stm32f3xx_it.o
 .ARM.attributes
                0x000000000000053c       0x39 Src/system_stm32f3xx.o
 .ARM.attributes
                0x0000000000000575       0x39 Src/usart.o
 .ARM.attributes
                0x00000000000005ae       0x21 startup/startup_stm32f303xe.o
 .ARM.attributes
                0x00000000000005cf       0x34 /opt/Atollic_TrueSTUDIO_for_STM32_x86_64_9.2.0/ARMTools/bin/../lib/gcc/arm-atollic-eabi/6.3.1/../../../../arm-atollic-eabi/lib/armv7e-m/fpu/libc_nano.a(lib_a-init.o)
 .ARM.attributes
                0x0000000000000603       0x34 /opt/Atollic_TrueSTUDIO_for_STM32_x86_64_9.2.0/ARMTools/bin/../lib/gcc/arm-atollic-eabi/6.3.1/../../../../arm-atollic-eabi/lib/armv7e-m/fpu/libc_nano.a(lib_a-memcpy-stub.o)
 .ARM.attributes
                0x0000000000000637       0x34 /opt/Atollic_TrueSTUDIO_for_STM32_x86_64_9.2.0/ARMTools/bin/../lib/gcc/arm-atollic-eabi/6.3.1/../../../../arm-atollic-eabi/lib/armv7e-m/fpu/libc_nano.a(lib_a-memset.o)
 .ARM.attributes
                0x000000000000066b       0x22 /opt/Atollic_TrueSTUDIO_for_STM32_x86_64_9.2.0/ARMTools/bin/../lib/gcc/arm-atollic-eabi/6.3.1/armv7e-m/fpu/crtn.o
OUTPUT(freeRTOS_test.elf elf32-littlearm)

.debug_info     0x0000000000000000    0x1a7bc
 .debug_info    0x0000000000000000     0x1015 Drivers/STM32F3xx_HAL_Driver/Src/stm32f3xx_hal.o
 .debug_info    0x0000000000001015     0x15ce Drivers/STM32F3xx_HAL_Driver/Src/stm32f3xx_hal_cortex.o
 .debug_info    0x00000000000025e3      0xfd7 Drivers/STM32F3xx_HAL_Driver/Src/stm32f3xx_hal_dma.o
 .debug_info    0x00000000000035ba      0xfde Drivers/STM32F3xx_HAL_Driver/Src/stm32f3xx_hal_gpio.o
 .debug_info    0x0000000000004598     0x1ffc Drivers/STM32F3xx_HAL_Driver/Src/stm32f3xx_hal_rcc.o
 .debug_info    0x0000000000006594      0xf23 Drivers/STM32F3xx_HAL_Driver/Src/stm32f3xx_hal_rcc_ex.o
 .debug_info    0x00000000000074b7     0x1c9a Drivers/STM32F3xx_HAL_Driver/Src/stm32f3xx_hal_uart.o
 .debug_info    0x0000000000009151     0x1089 Drivers/STM32F3xx_HAL_Driver/Src/stm32f3xx_hal_uart_ex.o
 .debug_info    0x000000000000a1da     0x1af1 Middlewares/Third_Party/FreeRTOS/Source/CMSIS_RTOS/cmsis_os.o
 .debug_info    0x000000000000bccb      0xac3 Middlewares/Third_Party/FreeRTOS/Source/list.o
 .debug_info    0x000000000000c78e      0x50b Middlewares/Third_Party/FreeRTOS/Source/portable/GCC/ARM_CM4F/port.o
 .debug_info    0x000000000000cc99      0xbed Middlewares/Third_Party/FreeRTOS/Source/portable/MemMang/heap_4.o
 .debug_info    0x000000000000d886     0x19ab Middlewares/Third_Party/FreeRTOS/Source/queue.o
 .debug_info    0x000000000000f231     0x20b5 Middlewares/Third_Party/FreeRTOS/Source/tasks.o
 .debug_info    0x00000000000112e6      0xc78 Src/chessboard.o
 .debug_info    0x0000000000011f5e      0xc3f Src/freertos.o
 .debug_info    0x0000000000012b9d      0xbfe Src/gpio.o
 .debug_info    0x000000000001379b     0x14fd Src/main.o
 .debug_info    0x0000000000014c98      0xcbc Src/multiplexer.o
 .debug_info    0x0000000000015954     0x129f Src/myTasks.o
 .debug_info    0x0000000000016bf3      0xc8b Src/stm32f3xx_hal_msp.o
 .debug_info    0x000000000001787e      0xf2f Src/stm32f3xx_it.o
 .debug_info    0x00000000000187ad      0xc70 Src/system_stm32f3xx.o
 .debug_info    0x000000000001941d     0x1334 Src/usart.o
 .debug_info    0x000000000001a751       0x6b startup/startup_stm32f303xe.o

.debug_abbrev   0x0000000000000000     0x390c
 .debug_abbrev  0x0000000000000000      0x27e Drivers/STM32F3xx_HAL_Driver/Src/stm32f3xx_hal.o
 .debug_abbrev  0x000000000000027e      0x33d Drivers/STM32F3xx_HAL_Driver/Src/stm32f3xx_hal_cortex.o
 .debug_abbrev  0x00000000000005bb      0x26a Drivers/STM32F3xx_HAL_Driver/Src/stm32f3xx_hal_dma.o
 .debug_abbrev  0x0000000000000825      0x24c Drivers/STM32F3xx_HAL_Driver/Src/stm32f3xx_hal_gpio.o
 .debug_abbrev  0x0000000000000a71      0x30f Drivers/STM32F3xx_HAL_Driver/Src/stm32f3xx_hal_rcc.o
 .debug_abbrev  0x0000000000000d80      0x2c7 Drivers/STM32F3xx_HAL_Driver/Src/stm32f3xx_hal_rcc_ex.o
 .debug_abbrev  0x0000000000001047      0x271 Drivers/STM32F3xx_HAL_Driver/Src/stm32f3xx_hal_uart.o
 .debug_abbrev  0x00000000000012b8      0x236 Drivers/STM32F3xx_HAL_Driver/Src/stm32f3xx_hal_uart_ex.o
 .debug_abbrev  0x00000000000014ee      0x383 Middlewares/Third_Party/FreeRTOS/Source/CMSIS_RTOS/cmsis_os.o
 .debug_abbrev  0x0000000000001871      0x1c5 Middlewares/Third_Party/FreeRTOS/Source/list.o
 .debug_abbrev  0x0000000000001a36      0x1d5 Middlewares/Third_Party/FreeRTOS/Source/portable/GCC/ARM_CM4F/port.o
 .debug_abbrev  0x0000000000001c0b      0x29b Middlewares/Third_Party/FreeRTOS/Source/portable/MemMang/heap_4.o
 .debug_abbrev  0x0000000000001ea6      0x2d4 Middlewares/Third_Party/FreeRTOS/Source/queue.o
 .debug_abbrev  0x000000000000217a      0x351 Middlewares/Third_Party/FreeRTOS/Source/tasks.o
 .debug_abbrev  0x00000000000024cb      0x256 Src/chessboard.o
 .debug_abbrev  0x0000000000002721      0x1e7 Src/freertos.o
 .debug_abbrev  0x0000000000002908      0x1c0 Src/gpio.o
 .debug_abbrev  0x0000000000002ac8      0x237 Src/main.o
 .debug_abbrev  0x0000000000002cff      0x243 Src/multiplexer.o
 .debug_abbrev  0x0000000000002f42      0x259 Src/myTasks.o
 .debug_abbrev  0x000000000000319b      0x1c9 Src/stm32f3xx_hal_msp.o
 .debug_abbrev  0x0000000000003364      0x1b5 Src/stm32f3xx_it.o
 .debug_abbrev  0x0000000000003519      0x1e2 Src/system_stm32f3xx.o
 .debug_abbrev  0x00000000000036fb      0x1ff Src/usart.o
 .debug_abbrev  0x00000000000038fa       0x12 startup/startup_stm32f303xe.o

.debug_aranges  0x0000000000000000      0xd40
 .debug_aranges
                0x0000000000000000       0xe0 Drivers/STM32F3xx_HAL_Driver/Src/stm32f3xx_hal.o
 .debug_aranges
                0x00000000000000e0      0x118 Drivers/STM32F3xx_HAL_Driver/Src/stm32f3xx_hal_cortex.o
 .debug_aranges
                0x00000000000001f8       0x88 Drivers/STM32F3xx_HAL_Driver/Src/stm32f3xx_hal_dma.o
 .debug_aranges
                0x0000000000000280       0x58 Drivers/STM32F3xx_HAL_Driver/Src/stm32f3xx_hal_gpio.o
 .debug_aranges
                0x00000000000002d8       0x88 Drivers/STM32F3xx_HAL_Driver/Src/stm32f3xx_hal_rcc.o
 .debug_aranges
                0x0000000000000360       0x38 Drivers/STM32F3xx_HAL_Driver/Src/stm32f3xx_hal_rcc_ex.o
 .debug_aranges
                0x0000000000000398      0x1f0 Drivers/STM32F3xx_HAL_Driver/Src/stm32f3xx_hal_uart.o
 .debug_aranges
                0x0000000000000588       0x48 Drivers/STM32F3xx_HAL_Driver/Src/stm32f3xx_hal_uart_ex.o
 .debug_aranges
                0x00000000000005d0      0x1d8 Middlewares/Third_Party/FreeRTOS/Source/CMSIS_RTOS/cmsis_os.o
 .debug_aranges
                0x00000000000007a8       0x40 Middlewares/Third_Party/FreeRTOS/Source/list.o
 .debug_aranges
                0x00000000000007e8       0x80 Middlewares/Third_Party/FreeRTOS/Source/portable/GCC/ARM_CM4F/port.o
 .debug_aranges
                0x0000000000000868       0x50 Middlewares/Third_Party/FreeRTOS/Source/portable/MemMang/heap_4.o
 .debug_aranges
                0x00000000000008b8       0xe0 Middlewares/Third_Party/FreeRTOS/Source/queue.o
 .debug_aranges
                0x0000000000000998      0x190 Middlewares/Third_Party/FreeRTOS/Source/tasks.o
 .debug_aranges
                0x0000000000000b28       0x20 Src/chessboard.o
 .debug_aranges
                0x0000000000000b48       0x48 Src/freertos.o
 .debug_aranges
                0x0000000000000b90       0x20 Src/gpio.o
 .debug_aranges
                0x0000000000000bb0       0x38 Src/main.o
 .debug_aranges
                0x0000000000000be8       0x28 Src/multiplexer.o
 .debug_aranges
                0x0000000000000c10       0x38 Src/myTasks.o
 .debug_aranges
                0x0000000000000c48       0x20 Src/stm32f3xx_hal_msp.o
 .debug_aranges
                0x0000000000000c68       0x58 Src/stm32f3xx_it.o
 .debug_aranges
                0x0000000000000cc0       0x28 Src/system_stm32f3xx.o
 .debug_aranges
                0x0000000000000ce8       0x30 Src/usart.o
 .debug_aranges
                0x0000000000000d18       0x28 startup/startup_stm32f303xe.o

.debug_ranges   0x0000000000000000      0xbb8
 .debug_ranges  0x0000000000000000       0xd0 Drivers/STM32F3xx_HAL_Driver/Src/stm32f3xx_hal.o
 .debug_ranges  0x00000000000000d0      0x108 Drivers/STM32F3xx_HAL_Driver/Src/stm32f3xx_hal_cortex.o
 .debug_ranges  0x00000000000001d8       0x78 Drivers/STM32F3xx_HAL_Driver/Src/stm32f3xx_hal_dma.o
 .debug_ranges  0x0000000000000250       0x48 Drivers/STM32F3xx_HAL_Driver/Src/stm32f3xx_hal_gpio.o
 .debug_ranges  0x0000000000000298       0x78 Drivers/STM32F3xx_HAL_Driver/Src/stm32f3xx_hal_rcc.o
 .debug_ranges  0x0000000000000310       0x28 Drivers/STM32F3xx_HAL_Driver/Src/stm32f3xx_hal_rcc_ex.o
 .debug_ranges  0x0000000000000338      0x1e0 Drivers/STM32F3xx_HAL_Driver/Src/stm32f3xx_hal_uart.o
 .debug_ranges  0x0000000000000518       0x38 Drivers/STM32F3xx_HAL_Driver/Src/stm32f3xx_hal_uart_ex.o
 .debug_ranges  0x0000000000000550      0x1c8 Middlewares/Third_Party/FreeRTOS/Source/CMSIS_RTOS/cmsis_os.o
 .debug_ranges  0x0000000000000718       0x30 Middlewares/Third_Party/FreeRTOS/Source/list.o
 .debug_ranges  0x0000000000000748       0x70 Middlewares/Third_Party/FreeRTOS/Source/portable/GCC/ARM_CM4F/port.o
 .debug_ranges  0x00000000000007b8       0x40 Middlewares/Third_Party/FreeRTOS/Source/portable/MemMang/heap_4.o
 .debug_ranges  0x00000000000007f8       0xd0 Middlewares/Third_Party/FreeRTOS/Source/queue.o
 .debug_ranges  0x00000000000008c8      0x180 Middlewares/Third_Party/FreeRTOS/Source/tasks.o
 .debug_ranges  0x0000000000000a48       0x10 Src/chessboard.o
 .debug_ranges  0x0000000000000a58       0x38 Src/freertos.o
 .debug_ranges  0x0000000000000a90       0x10 Src/gpio.o
 .debug_ranges  0x0000000000000aa0       0x28 Src/main.o
 .debug_ranges  0x0000000000000ac8       0x18 Src/multiplexer.o
 .debug_ranges  0x0000000000000ae0       0x28 Src/myTasks.o
 .debug_ranges  0x0000000000000b08       0x10 Src/stm32f3xx_hal_msp.o
 .debug_ranges  0x0000000000000b18       0x48 Src/stm32f3xx_it.o
 .debug_ranges  0x0000000000000b60       0x18 Src/system_stm32f3xx.o
 .debug_ranges  0x0000000000000b78       0x20 Src/usart.o
 .debug_ranges  0x0000000000000b98       0x20 startup/startup_stm32f303xe.o

.debug_line     0x0000000000000000     0x7ec9
 .debug_line    0x0000000000000000      0x459 Drivers/STM32F3xx_HAL_Driver/Src/stm32f3xx_hal.o
 .debug_line    0x0000000000000459      0x5a2 Drivers/STM32F3xx_HAL_Driver/Src/stm32f3xx_hal_cortex.o
 .debug_line    0x00000000000009fb      0x4bd Drivers/STM32F3xx_HAL_Driver/Src/stm32f3xx_hal_dma.o
 .debug_line    0x0000000000000eb8      0x45f Drivers/STM32F3xx_HAL_Driver/Src/stm32f3xx_hal_gpio.o
 .debug_line    0x0000000000001317      0xa00 Drivers/STM32F3xx_HAL_Driver/Src/stm32f3xx_hal_rcc.o
 .debug_line    0x0000000000001d17      0x633 Drivers/STM32F3xx_HAL_Driver/Src/stm32f3xx_hal_rcc_ex.o
 .debug_line    0x000000000000234a      0xd1d Drivers/STM32F3xx_HAL_Driver/Src/stm32f3xx_hal_uart.o
 .debug_line    0x0000000000003067      0x3b7 Drivers/STM32F3xx_HAL_Driver/Src/stm32f3xx_hal_uart_ex.o
 .debug_line    0x000000000000341e      0x8fb Middlewares/Third_Party/FreeRTOS/Source/CMSIS_RTOS/cmsis_os.o
 .debug_line    0x0000000000003d19      0x338 Middlewares/Third_Party/FreeRTOS/Source/list.o
 .debug_line    0x0000000000004051      0x3a2 Middlewares/Third_Party/FreeRTOS/Source/portable/GCC/ARM_CM4F/port.o
 .debug_line    0x00000000000043f3      0x3d5 Middlewares/Third_Party/FreeRTOS/Source/portable/MemMang/heap_4.o
 .debug_line    0x00000000000047c8      0x9a6 Middlewares/Third_Party/FreeRTOS/Source/queue.o
 .debug_line    0x000000000000516e      0xcfd Middlewares/Third_Party/FreeRTOS/Source/tasks.o
 .debug_line    0x0000000000005e6b      0x342 Src/chessboard.o
 .debug_line    0x00000000000061ad      0x35d Src/freertos.o
 .debug_line    0x000000000000650a      0x27d Src/gpio.o
 .debug_line    0x0000000000006787      0x3c9 Src/main.o
 .debug_line    0x0000000000006b50      0x3e7 Src/multiplexer.o
 .debug_line    0x0000000000006f37      0x40e Src/myTasks.o
 .debug_line    0x0000000000007345      0x25c Src/stm32f3xx_hal_msp.o
 .debug_line    0x00000000000075a1      0x324 Src/stm32f3xx_it.o
 .debug_line    0x00000000000078c5      0x28d Src/system_stm32f3xx.o
 .debug_line    0x0000000000007b52      0x2f8 Src/usart.o
 .debug_line    0x0000000000007e4a       0x7f startup/startup_stm32f303xe.o

.debug_str      0x0000000000000000     0x48cb
 .debug_str     0x0000000000000000      0xda4 Drivers/STM32F3xx_HAL_Driver/Src/stm32f3xx_hal.o
                                        0xe45 (size before relaxing)
 .debug_str     0x0000000000000da4      0x425 Drivers/STM32F3xx_HAL_Driver/Src/stm32f3xx_hal_cortex.o
                                       0x10a8 (size before relaxing)
 .debug_str     0x00000000000011c9      0x3f4 Drivers/STM32F3xx_HAL_Driver/Src/stm32f3xx_hal_dma.o
                                        0xb23 (size before relaxing)
 .debug_str     0x00000000000015bd      0x248 Drivers/STM32F3xx_HAL_Driver/Src/stm32f3xx_hal_gpio.o
                                        0x9c0 (size before relaxing)
 .debug_str     0x0000000000001805      0x30d Drivers/STM32F3xx_HAL_Driver/Src/stm32f3xx_hal_rcc.o
                                        0xaf8 (size before relaxing)
 .debug_str     0x0000000000001b12      0x2b9 Drivers/STM32F3xx_HAL_Driver/Src/stm32f3xx_hal_rcc_ex.o
                                        0xa65 (size before relaxing)
 .debug_str     0x0000000000001dcb      0x918 Drivers/STM32F3xx_HAL_Driver/Src/stm32f3xx_hal_uart.o
                                       0x12a4 (size before relaxing)
 .debug_str     0x00000000000026e3      0x110 Drivers/STM32F3xx_HAL_Driver/Src/stm32f3xx_hal_uart_ex.o
                                        0xcb4 (size before relaxing)
 .debug_str     0x00000000000027f3      0x8b3 Middlewares/Third_Party/FreeRTOS/Source/CMSIS_RTOS/cmsis_os.o
                                        0xf6c (size before relaxing)
 .debug_str     0x00000000000030a6      0x159 Middlewares/Third_Party/FreeRTOS/Source/list.o
                                        0x746 (size before relaxing)
 .debug_str     0x00000000000031ff      0x244 Middlewares/Third_Party/FreeRTOS/Source/portable/GCC/ARM_CM4F/port.o
                                        0x462 (size before relaxing)
 .debug_str     0x0000000000003443      0x1ff Middlewares/Third_Party/FreeRTOS/Source/portable/MemMang/heap_4.o
                                        0x810 (size before relaxing)
 .debug_str     0x0000000000003642      0x497 Middlewares/Third_Party/FreeRTOS/Source/queue.o
                                        0xbe2 (size before relaxing)
 .debug_str     0x0000000000003ad9      0x912 Middlewares/Third_Party/FreeRTOS/Source/tasks.o
                                       0x115e (size before relaxing)
 .debug_str     0x00000000000043eb      0x14a Src/chessboard.o
                                        0x83f (size before relaxing)
 .debug_str     0x0000000000004535      0x16c Src/freertos.o
                                        0x96c (size before relaxing)
 .debug_str     0x00000000000046a1       0x2b Src/gpio.o
                                        0x7ab (size before relaxing)
 .debug_str     0x00000000000046cc       0x48 Src/main.o
                                       0x13d5 (size before relaxing)
 .debug_str     0x0000000000004714       0x4d Src/multiplexer.o
                                        0x848 (size before relaxing)
 .debug_str     0x0000000000004761       0x34 Src/myTasks.o
                                        0xd20 (size before relaxing)
 .debug_str     0x0000000000004795       0x1b Src/stm32f3xx_hal_msp.o
                                        0xbb7 (size before relaxing)
 .debug_str     0x00000000000047b0       0x9d Src/stm32f3xx_it.o
                                        0xba9 (size before relaxing)
 .debug_str     0x000000000000484d       0x50 Src/system_stm32f3xx.o
                                        0x7a4 (size before relaxing)
 .debug_str     0x000000000000489d       0x2e Src/usart.o
                                       0x10e3 (size before relaxing)

.comment        0x0000000000000000       0x7c
 .comment       0x0000000000000000       0x7c Drivers/STM32F3xx_HAL_Driver/Src/stm32f3xx_hal.o
                                         0x7d (size before relaxing)
 .comment       0x000000000000007c       0x7d Drivers/STM32F3xx_HAL_Driver/Src/stm32f3xx_hal_cortex.o
 .comment       0x000000000000007c       0x7d Drivers/STM32F3xx_HAL_Driver/Src/stm32f3xx_hal_dma.o
 .comment       0x000000000000007c       0x7d Drivers/STM32F3xx_HAL_Driver/Src/stm32f3xx_hal_gpio.o
 .comment       0x000000000000007c       0x7d Drivers/STM32F3xx_HAL_Driver/Src/stm32f3xx_hal_rcc.o
 .comment       0x000000000000007c       0x7d Drivers/STM32F3xx_HAL_Driver/Src/stm32f3xx_hal_rcc_ex.o
 .comment       0x000000000000007c       0x7d Drivers/STM32F3xx_HAL_Driver/Src/stm32f3xx_hal_uart.o
 .comment       0x000000000000007c       0x7d Drivers/STM32F3xx_HAL_Driver/Src/stm32f3xx_hal_uart_ex.o
 .comment       0x000000000000007c       0x7d Middlewares/Third_Party/FreeRTOS/Source/CMSIS_RTOS/cmsis_os.o
 .comment       0x000000000000007c       0x7d Middlewares/Third_Party/FreeRTOS/Source/list.o
 .comment       0x000000000000007c       0x7d Middlewares/Third_Party/FreeRTOS/Source/portable/GCC/ARM_CM4F/port.o
 .comment       0x000000000000007c       0x7d Middlewares/Third_Party/FreeRTOS/Source/portable/MemMang/heap_4.o
 .comment       0x000000000000007c       0x7d Middlewares/Third_Party/FreeRTOS/Source/queue.o
 .comment       0x000000000000007c       0x7d Middlewares/Third_Party/FreeRTOS/Source/tasks.o
 .comment       0x000000000000007c       0x7d Src/chessboard.o
 .comment       0x000000000000007c       0x7d Src/freertos.o
 .comment       0x000000000000007c       0x7d Src/gpio.o
 .comment       0x000000000000007c       0x7d Src/main.o
 .comment       0x000000000000007c       0x7d Src/multiplexer.o
 .comment       0x000000000000007c       0x7d Src/myTasks.o
 .comment       0x000000000000007c       0x7d Src/stm32f3xx_hal_msp.o
 .comment       0x000000000000007c       0x7d Src/stm32f3xx_it.o
 .comment       0x000000000000007c       0x7d Src/system_stm32f3xx.o
 .comment       0x000000000000007c       0x7d Src/usart.o

.debug_frame    0x0000000000000000     0x32e4
 .debug_frame   0x0000000000000000      0x334 Drivers/STM32F3xx_HAL_Driver/Src/stm32f3xx_hal.o
 .debug_frame   0x0000000000000334      0x498 Drivers/STM32F3xx_HAL_Driver/Src/stm32f3xx_hal_cortex.o
 .debug_frame   0x00000000000007cc      0x224 Drivers/STM32F3xx_HAL_Driver/Src/stm32f3xx_hal_dma.o
 .debug_frame   0x00000000000009f0      0x14c Drivers/STM32F3xx_HAL_Driver/Src/stm32f3xx_hal_gpio.o
 .debug_frame   0x0000000000000b3c      0x214 Drivers/STM32F3xx_HAL_Driver/Src/stm32f3xx_hal_rcc.o
 .debug_frame   0x0000000000000d50       0xb4 Drivers/STM32F3xx_HAL_Driver/Src/stm32f3xx_hal_rcc_ex.o
 .debug_frame   0x0000000000000e04      0x8d4 Drivers/STM32F3xx_HAL_Driver/Src/stm32f3xx_hal_uart.o
 .debug_frame   0x00000000000016d8       0xf8 Drivers/STM32F3xx_HAL_Driver/Src/stm32f3xx_hal_uart_ex.o
 .debug_frame   0x00000000000017d0      0x808 Middlewares/Third_Party/FreeRTOS/Source/CMSIS_RTOS/cmsis_os.o
 .debug_frame   0x0000000000001fd8       0xd8 Middlewares/Third_Party/FreeRTOS/Source/list.o
 .debug_frame   0x00000000000020b0      0x19c Middlewares/Third_Party/FreeRTOS/Source/portable/GCC/ARM_CM4F/port.o
 .debug_frame   0x000000000000224c      0x108 Middlewares/Third_Party/FreeRTOS/Source/portable/MemMang/heap_4.o
 .debug_frame   0x0000000000002354      0x3b0 Middlewares/Third_Party/FreeRTOS/Source/queue.o
 .debug_frame   0x0000000000002704      0x6bc Middlewares/Third_Party/FreeRTOS/Source/tasks.o
 .debug_frame   0x0000000000002dc0       0x38 Src/chessboard.o
 .debug_frame   0x0000000000002df8       0xdc Src/freertos.o
 .debug_frame   0x0000000000002ed4       0x34 Src/gpio.o
 .debug_frame   0x0000000000002f08       0x90 Src/main.o
 .debug_frame   0x0000000000002f98       0x60 Src/multiplexer.o
 .debug_frame   0x0000000000002ff8       0x90 Src/myTasks.o
 .debug_frame   0x0000000000003088       0x34 Src/stm32f3xx_hal_msp.o
 .debug_frame   0x00000000000030bc       0xe8 Src/stm32f3xx_it.o
 .debug_frame   0x00000000000031a4       0x58 Src/system_stm32f3xx.o
 .debug_frame   0x00000000000031fc       0x74 Src/usart.o
 .debug_frame   0x0000000000003270       0x2c /opt/Atollic_TrueSTUDIO_for_STM32_x86_64_9.2.0/ARMTools/bin/../lib/gcc/arm-atollic-eabi/6.3.1/../../../../arm-atollic-eabi/lib/armv7e-m/fpu/libc_nano.a(lib_a-init.o)
 .debug_frame   0x000000000000329c       0x28 /opt/Atollic_TrueSTUDIO_for_STM32_x86_64_9.2.0/ARMTools/bin/../lib/gcc/arm-atollic-eabi/6.3.1/../../../../arm-atollic-eabi/lib/armv7e-m/fpu/libc_nano.a(lib_a-memcpy-stub.o)
 .debug_frame   0x00000000000032c4       0x20 /opt/Atollic_TrueSTUDIO_for_STM32_x86_64_9.2.0/ARMTools/bin/../lib/gcc/arm-atollic-eabi/6.3.1/../../../../arm-atollic-eabi/lib/armv7e-m/fpu/libc_nano.a(lib_a-memset.o)
